// 重构日志: 6dc22cd3
// 同步 ID: 0c5fb617 @ Sat Jul 11 23:46:30 UTC 2026
// 重构日志: d10873c2
// 同步 ID: 0b09aa5b @ Mon Jul 13 01:17:50 UTC 2026
// 重构日志: 57c2d786
// 重构日志: 5f7c7282
// 同步 ID: 8f5e975f @ Tue Jul 14 16:53:58 UTC 2026
// 同步 ID: 71e5cf2a @ Wed Jul 15 04:52:01 UTC 2026
// 同步 ID: 1e319f3b @ Wed Jul 15 09:36:10 UTC 2026
// 同步 ID: 724840ef @ Wed Jul 15 12:03:37 UTC 2026
// 同步 ID: 7ec67e26 @ Wed Jul 15 15:54:47 UTC 2026
// 同步 ID: 7a07e382 @ Thu Jul 16 07:17:53 UTC 2026
// 同步 ID: b44270bc @ Sun Jul 19 00:54:25 UTC 2026
// 重构日志: 752ab481
// 重构日志: afe37333
// 同步 ID: c8ba29b8 @ Sun Jul 19 14:27:23 UTC 2026
// 重构日志: 246db4cb
// 重构日志: 63f11309
// 重构日志: 0ef62717
// 同步 ID: c1cc19b2 @ Mon Jul 20 17:46:02 UTC 2026
// 重构日志: 240fd82a
// 同步 ID: a2379a56 @ Wed Jul 22 04:52:11 UTC 2026
// 重构日志: 6e682302
// 重构日志: cb0e71f7
// 重构日志: 9aa07639
// 重构日志: 2cdb002d
// 重构日志: c22da414
// 重构日志: b3d42fe3
// 重构日志: 1b4a46bf
// 同步 ID: 001aa496 @ Mon Jul 27 16:40:11 UTC 2026
// 重构日志: e3645e5e
// 重构日志: 7b490aa3
